# Table 6 re-run with the submitted package, unchanged. 2026-09-30 06:13 UTC

$ nvidia-smi --query-gpu=index,name,driver_version,memory.total --format=csv
index, name, driver_version, memory.total [MiB]
0, NVIDIA GeForce RTX 3090, 555.42.02, 24576 MiB
1, NVIDIA GeForce RTX 3090, 555.42.02, 24576 MiB

$ lsb_release -d
Description:	Ubuntu 22.04.5 LTS

$ python --version
Python 3.12.14

$ python -c import torch, pandas, numpy; print('torch', torch.__version__, '| CUDA build', torch.version.cuda, '| device', torch.cuda.get_device_name(0), '| pandas', pandas.__version__, '| numpy', numpy.__version__)
torch 2.5.1+cu121 | CUDA build 12.1 | device NVIDIA GeForce RTX 3090 | pandas 2.2.3 | numpy 2.5.3

$ sha256sum code_latest/step3_elasticity_estimation/3_estimate_temporal_elasticity.py code_latest/step3_elasticity_estimation/config_quality_filters.py bnn_modules/bnn_torch.py outputs/step2_aggregated_markets/markets/step2_markets_2024-01.parquet outputs/step2_aggregated_markets/markets/step2_markets_2024-02.parquet
54dec2394bb597bbfd2f764259e09611b4e69301429688a1e82594a51f300590  code_latest/step3_elasticity_estimation/3_estimate_temporal_elasticity.py
57b5eec92a5682c3ab59462d3d6c71233836cec6e89e0882281623c860600734  code_latest/step3_elasticity_estimation/config_quality_filters.py
ac16f16050d8d8713552384cfa76fcad089ca480eb5ca01745f08243c589749f  bnn_modules/bnn_torch.py
b75da773fdb88de0309cb70d036616643c1c666343073a933d256a961d83866b  outputs/step2_aggregated_markets/markets/step2_markets_2024-01.parquet
dfa94f47c9240a2be82bd764f5bb02f5d3f27dd75e5c57b6fb9b97bedaf1c384  outputs/step2_aggregated_markets/markets/step2_markets_2024-02.parquet

$ python code_latest/step3_elasticity_estimation/3_estimate_temporal_elasticity.py
Using 17 features (including hour_of_day for temporal analysis)
Using device: cuda

======================================================================
LOADING DATA
======================================================================
Loading ./outputs/step2_aggregated_markets/markets/step2_markets_2024-01.parquet...
Loading ./outputs/step2_aggregated_markets/markets/step2_markets_2024-02.parquet...
Total records (all NYC): 7,462,961

======================================================================
ZONE SELECTION FOR TEMPORAL ANALYSIS
======================================================================

Selected 46 zones in Manhattan
Research question: Does elasticity vary by time of day?

Filtering data to 46 quality-checked zones...
Records from selected zones: 4,178,873
Using 4,178,873 complete records
Estimating 8 periods (boot=100, CI=95%)

Time period subgroup results saved to ./outputs/step3_elasticity_estimates/step3_elasticity_temporal_periods.csv

Temporal elasticity by period (rescaled):
     period  elasticity  ci_lower  ci_upper  std_error
05:00-07:59      -1.360    -1.760    -0.960      0.204
08:00-10:59       0.462    -0.446     1.370      0.463
11:00-13:59      -5.153   -10.345     0.038      2.649
14:00-16:59      -1.601    -2.586    -0.616      0.503
17:00-19:59      -0.178    -0.390     0.035      0.108
20:00-22:59       1.402     1.206     1.599      0.100
23:00-01:59      -1.286    -1.669    -0.903      0.195

$ cat outputs/step3_elasticity_estimates/step3_elasticity_temporal_periods.csv
period,hours,elasticity,ci_lower,ci_upper,std_error
05:00-07:59,"[5, 6, 7]",-1.3601431122088277,-1.7599556220435968,-0.9603306023740585,0.20398597440549443
08:00-10:59,"[8, 9, 10]",0.4616326040643134,-0.4464297593800227,1.3696949675086496,0.46329712420629393
11:00-13:59,"[11, 12, 13]",-5.153370873027654,-10.344702165408709,0.03796041935339911,2.6486384144801294
14:00-16:59,"[14, 15, 16]",-1.6011641729226662,-2.5860680976518537,-0.6162602481934787,0.5025020024128508
17:00-19:59,"[17, 18, 19]",-0.17774836051616982,-0.3903407392479654,0.0348440182156258,0.10846549935295695
20:00-22:59,"[20, 21, 22]",1.402483938972599,1.2059742317346522,1.5989936462105456,0.10026005471323808
23:00-01:59,"[23, 0, 1]",-1.2858159166748024,-1.668897138653368,-0.9027346946962369,0.19544960305028858

