A|d1=4.0|a0=1.2|a1=0.3|a2=0.8: seed=20261430 device=cuda
    iteration 1/50: own -0.503 (true -0.404), cross 0.223 (true 0.135), 0.5s
    iteration 2/50: own -0.568 (true -0.465), cross 0.205 (true 0.155), 0.3s
    iteration 3/50: own -0.457 (true -0.462), cross 0.210 (true 0.154), 0.3s
    iteration 4/50: own -0.432 (true -0.457), cross 0.146 (true 0.152), 0.3s
    iteration 5/50: own -0.416 (true -0.436), cross 0.069 (true 0.146), 0.3s
    iteration 6/50: own -0.460 (true -0.444), cross 0.168 (true 0.148), 0.3s
    iteration 7/50: own -0.564 (true -0.441), cross 0.150 (true 0.147), 0.3s
    iteration 8/50: own -0.420 (true -0.445), cross 0.126 (true 0.149), 0.3s
    iteration 9/50: own -0.533 (true -0.416), cross 0.222 (true 0.138), 0.3s
    iteration 10/50: own -0.499 (true -0.439), cross 0.162 (true 0.146), 0.3s
    iteration 11/50: own -0.588 (true -0.486), cross 0.197 (true 0.161), 0.3s
    iteration 12/50: own -0.503 (true -0.448), cross 0.068 (true 0.149), 0.3s
    iteration 13/50: own -0.490 (true -0.437), cross 0.089 (true 0.145), 0.3s
    iteration 14/50: own -0.514 (true -0.432), cross 0.122 (true 0.144), 0.3s
    iteration 15/50: own -0.450 (true -0.434), cross 0.091 (true 0.145), 0.3s
    iteration 16/50: own -0.447 (true -0.460), cross 0.187 (true 0.153), 0.3s
    iteration 17/50: own -0.535 (true -0.487), cross 0.205 (true 0.162), 0.3s
    iteration 18/50: own -0.445 (true -0.431), cross 0.142 (true 0.144), 0.3s
    iteration 19/50: own -0.423 (true -0.457), cross 0.105 (true 0.153), 0.3s
    iteration 20/50: own -0.499 (true -0.476), cross 0.202 (true 0.158), 0.3s
    iteration 21/50: own -0.407 (true -0.438), cross 0.058 (true 0.146), 0.3s
    iteration 22/50: own -0.486 (true -0.452), cross 0.205 (true 0.150), 0.3s
    iteration 23/50: own -0.494 (true -0.455), cross 0.222 (true 0.152), 0.3s
    iteration 24/50: own -0.551 (true -0.432), cross 0.183 (true 0.144), 0.3s
    iteration 25/50: own -0.434 (true -0.506), cross 0.160 (true 0.169), 0.3s
    iteration 26/50: own -0.378 (true -0.432), cross 0.092 (true 0.144), 0.3s
    iteration 27/50: own -0.488 (true -0.472), cross 0.101 (true 0.158), 0.3s
    iteration 28/50: own -0.470 (true -0.476), cross 0.031 (true 0.159), 0.3s
    iteration 29/50: own -0.474 (true -0.459), cross 0.176 (true 0.152), 0.3s
    iteration 30/50: own -0.588 (true -0.451), cross 0.181 (true 0.150), 0.3s
    iteration 31/50: own -0.459 (true -0.451), cross 0.253 (true 0.150), 0.3s
    iteration 32/50: own -0.514 (true -0.454), cross 0.132 (true 0.151), 0.3s
    iteration 33/50: own -0.533 (true -0.434), cross 0.219 (true 0.145), 0.3s
    iteration 34/50: own -0.368 (true -0.488), cross 0.099 (true 0.162), 0.3s
    iteration 35/50: own -0.511 (true -0.485), cross 0.198 (true 0.162), 0.3s
    iteration 36/50: own -0.503 (true -0.440), cross 0.217 (true 0.147), 0.3s
    iteration 37/50: own -0.467 (true -0.430), cross 0.159 (true 0.143), 0.3s
    iteration 38/50: own -0.492 (true -0.443), cross 0.205 (true 0.148), 0.3s
    iteration 39/50: own -0.430 (true -0.444), cross 0.150 (true 0.148), 0.3s
    iteration 40/50: own -0.412 (true -0.491), cross 0.168 (true 0.163), 0.3s
    iteration 41/50: own -0.362 (true -0.458), cross 0.188 (true 0.153), 0.3s
    iteration 42/50: own -0.555 (true -0.467), cross 0.094 (true 0.156), 0.3s
    iteration 43/50: own -0.553 (true -0.436), cross 0.246 (true 0.145), 0.3s
    iteration 44/50: own -0.381 (true -0.471), cross 0.145 (true 0.157), 0.3s
    iteration 45/50: own -0.482 (true -0.471), cross 0.254 (true 0.157), 0.3s
    iteration 46/50: own -0.429 (true -0.447), cross 0.172 (true 0.150), 0.3s
    iteration 47/50: own -0.534 (true -0.433), cross 0.169 (true 0.144), 0.3s
    iteration 48/50: own -0.478 (true -0.452), cross 0.116 (true 0.151), 0.3s
    iteration 49/50: own -0.428 (true -0.461), cross 0.118 (true 0.153), 0.3s
    iteration 50/50: own -0.405 (true -0.454), cross 0.204 (true 0.151), 0.3s
A|d1=4.0|a0=1.2|a1=0.3|a2=0.8: done in 0.3 min -> ./simulation_results/table_A4_extra_primitives.json
B|d1=1.2|a0=4.0|a1=0.8|a2=0.3: seed=20261431 device=cuda
    iteration 1/50: own -1.528 (true -1.487), cross 0.385 (true 0.494), 0.3s
    iteration 2/50: own -1.406 (true -1.521), cross 0.525 (true 0.510), 0.3s
    iteration 3/50: own -1.616 (true -1.525), cross 0.632 (true 0.508), 0.3s
    iteration 4/50: own -1.621 (true -1.492), cross 0.542 (true 0.497), 0.3s
    iteration 5/50: own -1.507 (true -1.504), cross 0.530 (true 0.500), 0.3s
    iteration 6/50: own -1.599 (true -1.481), cross 0.521 (true 0.494), 0.3s
    iteration 7/50: own -1.573 (true -1.524), cross 0.621 (true 0.509), 0.3s
    iteration 8/50: own -1.397 (true -1.481), cross 0.486 (true 0.495), 0.3s
    iteration 9/50: own -1.723 (true -1.478), cross 0.470 (true 0.494), 0.3s
    iteration 10/50: own -1.620 (true -1.530), cross 0.455 (true 0.508), 0.3s
    iteration 11/50: own -1.444 (true -1.481), cross 0.460 (true 0.494), 0.3s
    iteration 12/50: own -1.474 (true -1.478), cross 0.559 (true 0.494), 0.3s
    iteration 13/50: own -1.594 (true -1.520), cross 0.605 (true 0.507), 0.3s
    iteration 14/50: own -1.607 (true -1.509), cross 0.503 (true 0.503), 0.3s
    iteration 15/50: own -1.552 (true -1.499), cross 0.473 (true 0.500), 0.3s
    iteration 16/50: own -1.334 (true -1.477), cross 0.463 (true 0.491), 0.3s
    iteration 17/50: own -1.491 (true -1.517), cross 0.597 (true 0.506), 0.3s
    iteration 18/50: own -1.418 (true -1.502), cross 0.568 (true 0.500), 0.3s
    iteration 19/50: own -1.479 (true -1.502), cross 0.710 (true 0.499), 0.3s
    iteration 20/50: own -1.535 (true -1.493), cross 0.521 (true 0.499), 0.3s
    iteration 21/50: own -1.589 (true -1.531), cross 0.526 (true 0.510), 0.3s
    iteration 22/50: own -1.362 (true -1.521), cross 0.539 (true 0.508), 0.3s
    iteration 23/50: own -1.456 (true -1.499), cross 0.511 (true 0.499), 0.3s
    iteration 24/50: own -1.532 (true -1.510), cross 0.473 (true 0.503), 0.3s
    iteration 25/50: own -1.457 (true -1.479), cross 0.452 (true 0.493), 0.3s
    iteration 26/50: own -1.544 (true -1.483), cross 0.570 (true 0.495), 0.3s
    iteration 27/50: own -1.548 (true -1.480), cross 0.581 (true 0.492), 0.3s
    iteration 28/50: own -1.547 (true -1.464), cross 0.435 (true 0.488), 0.3s
    iteration 29/50: own -1.842 (true -1.505), cross 0.533 (true 0.502), 0.3s
    iteration 30/50: own -1.343 (true -1.476), cross 0.435 (true 0.491), 0.3s
    iteration 31/50: own -1.486 (true -1.518), cross 0.489 (true 0.505), 0.3s
    iteration 32/50: own -1.367 (true -1.494), cross 0.489 (true 0.498), 0.3s
    iteration 33/50: own -1.484 (true -1.499), cross 0.680 (true 0.500), 0.3s
    iteration 34/50: own -1.434 (true -1.509), cross 0.404 (true 0.503), 0.3s
    iteration 35/50: own -1.523 (true -1.560), cross 0.564 (true 0.521), 0.3s
    iteration 36/50: own -1.457 (true -1.554), cross 0.461 (true 0.519), 0.3s
    iteration 37/50: own -1.463 (true -1.520), cross 0.565 (true 0.508), 0.3s
    iteration 38/50: own -1.528 (true -1.468), cross 0.501 (true 0.491), 0.3s
    iteration 39/50: own -1.504 (true -1.482), cross 0.594 (true 0.494), 0.3s
    iteration 40/50: own -1.364 (true -1.524), cross 0.393 (true 0.507), 0.3s
    iteration 41/50: own -1.496 (true -1.502), cross 0.509 (true 0.501), 0.3s
    iteration 42/50: own -1.457 (true -1.506), cross 0.497 (true 0.501), 0.3s
    iteration 43/50: own -1.402 (true -1.496), cross 0.487 (true 0.500), 0.3s
    iteration 44/50: own -1.520 (true -1.518), cross 0.454 (true 0.505), 0.3s
    iteration 45/50: own -1.567 (true -1.504), cross 0.279 (true 0.499), 0.3s
    iteration 46/50: own -1.550 (true -1.552), cross 0.686 (true 0.518), 0.3s
    iteration 47/50: own -1.510 (true -1.491), cross 0.482 (true 0.496), 0.3s
    iteration 48/50: own -1.584 (true -1.504), cross 0.619 (true 0.502), 0.3s
    iteration 49/50: own -1.493 (true -1.514), cross 0.327 (true 0.503), 0.3s
    iteration 50/50: own -1.550 (true -1.507), cross 0.590 (true 0.502), 0.3s
B|d1=1.2|a0=4.0|a1=0.8|a2=0.3: done in 0.3 min -> ./simulation_results/table_A4_extra_primitives.json
