A|T=5000|J=4|m=7: seed=20260930 device=cuda
    iteration 1/50: own -1.087 (true -1.288), cross 0.252 (true 0.202), 0.5s
    iteration 2/50: own -1.492 (true -1.312), cross 0.151 (true 0.201), 0.3s
    iteration 3/50: own -1.405 (true -1.316), cross 0.076 (true 0.205), 0.3s
    iteration 4/50: own -1.121 (true -1.335), cross -0.127 (true 0.210), 0.3s
    iteration 5/50: own -0.943 (true -1.289), cross 0.442 (true 0.197), 0.3s
    iteration 6/50: own -1.496 (true -1.315), cross 0.037 (true 0.198), 0.3s
    iteration 7/50: own -0.974 (true -1.368), cross 0.111 (true 0.213), 0.3s
    iteration 8/50: own -1.084 (true -1.348), cross 0.314 (true 0.213), 0.3s
    iteration 9/50: own -1.146 (true -1.290), cross -0.030 (true 0.201), 0.3s
    iteration 10/50: own -1.384 (true -1.335), cross 0.229 (true 0.196), 0.3s
    iteration 11/50: own -1.265 (true -1.366), cross 0.191 (true 0.208), 0.3s
    iteration 12/50: own -1.343 (true -1.345), cross 0.322 (true 0.203), 0.3s
    iteration 13/50: own -1.186 (true -1.355), cross 0.036 (true 0.215), 0.3s
    iteration 14/50: own -1.265 (true -1.331), cross 0.259 (true 0.209), 0.3s
    iteration 15/50: own -1.179 (true -1.285), cross 0.109 (true 0.196), 0.3s
    iteration 16/50: own -1.295 (true -1.315), cross 0.054 (true 0.196), 0.3s
    iteration 17/50: own -1.448 (true -1.285), cross 0.279 (true 0.191), 0.3s
    iteration 18/50: own -1.442 (true -1.338), cross 0.459 (true 0.208), 0.3s
    iteration 19/50: own -1.490 (true -1.310), cross 0.193 (true 0.202), 0.3s
    iteration 20/50: own -1.489 (true -1.329), cross 0.505 (true 0.205), 0.3s
    iteration 21/50: own -1.316 (true -1.338), cross 0.280 (true 0.202), 0.3s
    iteration 22/50: own -1.554 (true -1.324), cross 0.041 (true 0.199), 0.3s
    iteration 23/50: own -1.603 (true -1.339), cross 0.443 (true 0.205), 0.3s
    iteration 24/50: own -0.960 (true -1.321), cross 0.109 (true 0.199), 0.3s
    iteration 25/50: own -1.420 (true -1.348), cross 0.143 (true 0.209), 0.3s
    iteration 26/50: own -1.425 (true -1.348), cross 0.113 (true 0.213), 0.3s
    iteration 27/50: own -1.000 (true -1.342), cross -0.019 (true 0.207), 0.3s
    iteration 28/50: own -1.294 (true -1.311), cross 0.128 (true 0.196), 0.3s
    iteration 29/50: own -1.326 (true -1.364), cross 0.296 (true 0.204), 0.3s
    iteration 30/50: own -1.344 (true -1.297), cross 0.013 (true 0.197), 0.3s
    iteration 31/50: own -1.386 (true -1.331), cross 0.118 (true 0.202), 0.3s
    iteration 32/50: own -1.594 (true -1.334), cross 0.001 (true 0.205), 0.3s
    iteration 33/50: own -1.162 (true -1.310), cross 0.145 (true 0.203), 0.3s
    iteration 34/50: own -1.525 (true -1.339), cross 0.136 (true 0.194), 0.3s
    iteration 35/50: own -1.301 (true -1.307), cross 0.168 (true 0.197), 0.3s
    iteration 36/50: own -0.704 (true -1.310), cross 0.155 (true 0.196), 0.3s
    iteration 37/50: own -1.179 (true -1.320), cross 0.196 (true 0.199), 0.3s
    iteration 38/50: own -1.630 (true -1.326), cross 0.244 (true 0.200), 0.3s
    iteration 39/50: own -1.155 (true -1.320), cross 0.339 (true 0.203), 0.3s
    iteration 40/50: own -1.675 (true -1.303), cross 0.258 (true 0.207), 0.3s
    iteration 41/50: own -1.009 (true -1.336), cross 0.224 (true 0.208), 0.3s
    iteration 42/50: own -1.265 (true -1.304), cross 0.181 (true 0.198), 0.3s
    iteration 43/50: own -1.445 (true -1.312), cross 0.117 (true 0.195), 0.3s
    iteration 44/50: own -1.238 (true -1.342), cross 0.262 (true 0.201), 0.3s
    iteration 45/50: own -1.077 (true -1.326), cross -0.089 (true 0.208), 0.3s
    iteration 46/50: own -1.220 (true -1.343), cross 0.341 (true 0.202), 0.3s
    iteration 47/50: own -1.303 (true -1.335), cross 0.142 (true 0.206), 0.3s
    iteration 48/50: own -1.438 (true -1.331), cross 0.358 (true 0.211), 0.3s
    iteration 49/50: own -1.131 (true -1.311), cross 0.287 (true 0.193), 0.3s
    iteration 50/50: own -1.426 (true -1.315), cross 0.228 (true 0.200), 0.3s
A|T=5000|J=4|m=7: done in 0.3 min -> ./simulation_results/table_A2_robustness.json
A|T=20000|J=4|m=7: seed=20260931 device=cuda
    iteration 1/50: own -1.341 (true -1.362), cross 0.142 (true 0.209), 0.3s
    iteration 2/50: own -1.396 (true -1.319), cross 0.148 (true 0.204), 0.3s
    iteration 3/50: own -1.329 (true -1.338), cross 0.157 (true 0.202), 0.3s
    iteration 4/50: own -1.326 (true -1.321), cross 0.222 (true 0.200), 0.3s
    iteration 5/50: own -1.373 (true -1.286), cross 0.303 (true 0.190), 0.3s
    iteration 6/50: own -1.430 (true -1.309), cross 0.325 (true 0.202), 0.3s
    iteration 7/50: own -1.346 (true -1.345), cross 0.123 (true 0.200), 0.3s
    iteration 8/50: own -1.253 (true -1.345), cross 0.123 (true 0.203), 0.3s
    iteration 9/50: own -1.316 (true -1.341), cross 0.114 (true 0.210), 0.3s
    iteration 10/50: own -1.304 (true -1.307), cross 0.311 (true 0.198), 0.3s
    iteration 11/50: own -1.347 (true -1.350), cross 0.015 (true 0.213), 0.3s
    iteration 12/50: own -1.234 (true -1.319), cross 0.164 (true 0.205), 0.3s
    iteration 13/50: own -1.306 (true -1.364), cross 0.128 (true 0.213), 0.3s
    iteration 14/50: own -1.435 (true -1.382), cross 0.139 (true 0.213), 0.3s
    iteration 15/50: own -1.386 (true -1.360), cross 0.219 (true 0.205), 0.3s
    iteration 16/50: own -1.267 (true -1.306), cross 0.164 (true 0.197), 0.3s
    iteration 17/50: own -1.456 (true -1.332), cross 0.221 (true 0.203), 0.3s
    iteration 18/50: own -1.377 (true -1.332), cross 0.102 (true 0.207), 0.3s
    iteration 19/50: own -1.323 (true -1.348), cross 0.359 (true 0.207), 0.3s
    iteration 20/50: own -1.520 (true -1.339), cross 0.053 (true 0.203), 0.3s
    iteration 21/50: own -1.268 (true -1.335), cross 0.170 (true 0.206), 0.3s
    iteration 22/50: own -1.305 (true -1.362), cross 0.320 (true 0.218), 0.3s
    iteration 23/50: own -1.232 (true -1.317), cross 0.183 (true 0.205), 0.3s
    iteration 24/50: own -1.368 (true -1.376), cross 0.280 (true 0.212), 0.3s
    iteration 25/50: own -1.260 (true -1.345), cross 0.214 (true 0.211), 0.3s
    iteration 26/50: own -1.386 (true -1.296), cross 0.208 (true 0.190), 0.3s
    iteration 27/50: own -1.493 (true -1.323), cross 0.162 (true 0.206), 0.3s
    iteration 28/50: own -1.339 (true -1.314), cross 0.281 (true 0.191), 0.3s
    iteration 29/50: own -1.356 (true -1.365), cross 0.177 (true 0.213), 0.3s
    iteration 30/50: own -1.363 (true -1.325), cross 0.103 (true 0.199), 0.3s
    iteration 31/50: own -1.244 (true -1.369), cross 0.377 (true 0.212), 0.3s
    iteration 32/50: own -1.380 (true -1.313), cross 0.274 (true 0.192), 0.3s
    iteration 33/50: own -1.249 (true -1.329), cross 0.242 (true 0.198), 0.3s
    iteration 34/50: own -1.344 (true -1.354), cross 0.095 (true 0.217), 0.3s
    iteration 35/50: own -1.368 (true -1.318), cross 0.330 (true 0.195), 0.3s
    iteration 36/50: own -1.357 (true -1.346), cross 0.350 (true 0.213), 0.3s
    iteration 37/50: own -1.391 (true -1.345), cross 0.320 (true 0.205), 0.3s
    iteration 38/50: own -1.444 (true -1.350), cross 0.265 (true 0.211), 0.3s
    iteration 39/50: own -1.279 (true -1.328), cross 0.173 (true 0.206), 0.3s
    iteration 40/50: own -1.368 (true -1.330), cross 0.179 (true 0.208), 0.3s
    iteration 41/50: own -1.330 (true -1.339), cross 0.116 (true 0.214), 0.3s
    iteration 42/50: own -1.381 (true -1.315), cross 0.356 (true 0.196), 0.3s
    iteration 43/50: own -1.449 (true -1.296), cross 0.193 (true 0.199), 0.3s
    iteration 44/50: own -1.403 (true -1.321), cross 0.237 (true 0.196), 0.3s
    iteration 45/50: own -1.396 (true -1.297), cross 0.059 (true 0.196), 0.3s
    iteration 46/50: own -1.407 (true -1.341), cross 0.330 (true 0.205), 0.3s
    iteration 47/50: own -1.454 (true -1.304), cross 0.084 (true 0.193), 0.3s
    iteration 48/50: own -1.307 (true -1.317), cross 0.100 (true 0.202), 0.3s
    iteration 49/50: own -1.480 (true -1.347), cross 0.180 (true 0.210), 0.3s
    iteration 50/50: own -1.409 (true -1.359), cross 0.336 (true 0.213), 0.3s
A|T=20000|J=4|m=7: done in 0.3 min -> ./simulation_results/table_A2_robustness.json
A|T=80000|J=4|m=7: seed=20260932 device=cuda
    iteration 1/50: own -1.397 (true -1.357), cross 0.236 (true 0.206), 0.6s
    iteration 2/50: own -1.295 (true -1.326), cross 0.237 (true 0.212), 0.6s
    iteration 3/50: own -1.383 (true -1.323), cross 0.226 (true 0.201), 0.6s
    iteration 4/50: own -1.426 (true -1.334), cross 0.275 (true 0.201), 0.6s
    iteration 5/50: own -1.397 (true -1.333), cross 0.148 (true 0.204), 0.6s
    iteration 6/50: own -1.355 (true -1.373), cross 0.219 (true 0.207), 0.6s
    iteration 7/50: own -1.302 (true -1.345), cross 0.110 (true 0.207), 0.6s
    iteration 8/50: own -1.367 (true -1.340), cross 0.190 (true 0.216), 0.6s
    iteration 9/50: own -1.354 (true -1.330), cross 0.226 (true 0.209), 0.6s
    iteration 10/50: own -1.276 (true -1.331), cross 0.166 (true 0.197), 0.6s
    iteration 11/50: own -1.373 (true -1.330), cross 0.228 (true 0.202), 0.6s
    iteration 12/50: own -1.294 (true -1.308), cross 0.082 (true 0.197), 0.6s
    iteration 13/50: own -1.339 (true -1.287), cross 0.174 (true 0.192), 0.6s
    iteration 14/50: own -1.372 (true -1.360), cross 0.227 (true 0.213), 0.6s
    iteration 15/50: own -1.411 (true -1.307), cross 0.262 (true 0.201), 0.6s
    iteration 16/50: own -1.328 (true -1.358), cross 0.214 (true 0.217), 0.6s
    iteration 17/50: own -1.444 (true -1.328), cross 0.316 (true 0.200), 0.6s
    iteration 18/50: own -1.353 (true -1.303), cross 0.180 (true 0.194), 0.6s
    iteration 19/50: own -1.352 (true -1.347), cross 0.203 (true 0.206), 0.6s
    iteration 20/50: own -1.338 (true -1.344), cross 0.215 (true 0.203), 0.6s
    iteration 21/50: own -1.359 (true -1.304), cross 0.173 (true 0.197), 0.6s
    iteration 22/50: own -1.327 (true -1.362), cross 0.200 (true 0.212), 0.6s
    iteration 23/50: own -1.367 (true -1.326), cross 0.143 (true 0.201), 0.6s
    iteration 24/50: own -1.244 (true -1.353), cross 0.142 (true 0.209), 0.6s
    iteration 25/50: own -1.355 (true -1.302), cross 0.159 (true 0.201), 0.6s
    iteration 26/50: own -1.342 (true -1.350), cross 0.150 (true 0.208), 0.6s
    iteration 27/50: own -1.284 (true -1.340), cross 0.157 (true 0.211), 0.6s
    iteration 28/50: own -1.374 (true -1.341), cross 0.171 (true 0.204), 0.6s
    iteration 29/50: own -1.282 (true -1.334), cross 0.193 (true 0.209), 0.6s
    iteration 30/50: own -1.251 (true -1.348), cross 0.180 (true 0.206), 0.6s
    iteration 31/50: own -1.397 (true -1.316), cross 0.226 (true 0.202), 0.6s
    iteration 32/50: own -1.432 (true -1.369), cross 0.225 (true 0.213), 0.6s
    iteration 33/50: own -1.396 (true -1.354), cross 0.194 (true 0.209), 0.6s
    iteration 34/50: own -1.382 (true -1.377), cross 0.197 (true 0.207), 0.6s
    iteration 35/50: own -1.441 (true -1.373), cross 0.245 (true 0.207), 0.6s
    iteration 36/50: own -1.332 (true -1.332), cross 0.269 (true 0.205), 0.6s
    iteration 37/50: own -1.417 (true -1.375), cross 0.179 (true 0.214), 0.6s
    iteration 38/50: own -1.330 (true -1.359), cross 0.180 (true 0.212), 0.6s
    iteration 39/50: own -1.413 (true -1.359), cross 0.194 (true 0.210), 0.6s
    iteration 40/50: own -1.303 (true -1.379), cross 0.204 (true 0.214), 0.6s
    iteration 41/50: own -1.295 (true -1.303), cross 0.174 (true 0.200), 0.6s
    iteration 42/50: own -1.352 (true -1.298), cross 0.236 (true 0.190), 0.6s
    iteration 43/50: own -1.356 (true -1.314), cross 0.205 (true 0.199), 0.6s
    iteration 44/50: own -1.379 (true -1.328), cross 0.243 (true 0.202), 0.6s
    iteration 45/50: own -1.459 (true -1.354), cross 0.185 (true 0.210), 0.6s
    iteration 46/50: own -1.327 (true -1.302), cross 0.212 (true 0.204), 0.6s
    iteration 47/50: own -1.407 (true -1.346), cross 0.232 (true 0.202), 0.6s
    iteration 48/50: own -1.304 (true -1.321), cross 0.271 (true 0.199), 0.6s
    iteration 49/50: own -1.446 (true -1.321), cross 0.278 (true 0.197), 0.6s
    iteration 50/50: own -1.354 (true -1.346), cross 0.174 (true 0.198), 0.6s
A|T=80000|J=4|m=7: done in 0.5 min -> ./simulation_results/table_A2_robustness.json
A|T=320000|J=4|m=7: seed=20260933 device=cuda
    iteration 1/50: own -1.371 (true -1.346), cross 0.211 (true 0.211), 1.9s
    iteration 2/50: own -1.412 (true -1.327), cross 0.239 (true 0.203), 1.9s
    iteration 3/50: own -1.308 (true -1.330), cross 0.157 (true 0.195), 1.9s
    iteration 4/50: own -1.389 (true -1.357), cross 0.203 (true 0.209), 1.9s
    iteration 5/50: own -1.353 (true -1.333), cross 0.193 (true 0.197), 1.9s
    iteration 6/50: own -1.375 (true -1.367), cross 0.207 (true 0.220), 1.9s
    iteration 7/50: own -1.384 (true -1.325), cross 0.190 (true 0.205), 1.9s
    iteration 8/50: own -1.337 (true -1.355), cross 0.193 (true 0.215), 1.9s
    iteration 9/50: own -1.366 (true -1.355), cross 0.208 (true 0.204), 1.9s
    iteration 10/50: own -1.356 (true -1.344), cross 0.204 (true 0.214), 1.9s
    iteration 11/50: own -1.344 (true -1.366), cross 0.209 (true 0.204), 1.9s
    iteration 12/50: own -1.356 (true -1.348), cross 0.196 (true 0.205), 1.9s
    iteration 13/50: own -1.431 (true -1.321), cross 0.224 (true 0.197), 1.9s
    iteration 14/50: own -1.354 (true -1.353), cross 0.241 (true 0.214), 1.9s
    iteration 15/50: own -1.347 (true -1.332), cross 0.186 (true 0.198), 1.9s
    iteration 16/50: own -1.450 (true -1.299), cross 0.239 (true 0.202), 1.9s
    iteration 17/50: own -1.329 (true -1.355), cross 0.192 (true 0.200), 1.9s
    iteration 18/50: own -1.318 (true -1.322), cross 0.184 (true 0.203), 1.9s
    iteration 19/50: own -1.437 (true -1.350), cross 0.242 (true 0.209), 1.9s
    iteration 20/50: own -1.390 (true -1.342), cross 0.194 (true 0.205), 1.9s
    iteration 21/50: own -1.374 (true -1.282), cross 0.191 (true 0.191), 1.9s
    iteration 22/50: own -1.361 (true -1.355), cross 0.205 (true 0.210), 1.9s
    iteration 23/50: own -1.368 (true -1.326), cross 0.194 (true 0.198), 1.9s
    iteration 24/50: own -1.380 (true -1.313), cross 0.240 (true 0.208), 1.9s
    iteration 25/50: own -1.360 (true -1.323), cross 0.184 (true 0.196), 1.9s
    iteration 26/50: own -1.376 (true -1.360), cross 0.219 (true 0.217), 1.9s
    iteration 27/50: own -1.363 (true -1.333), cross 0.199 (true 0.206), 1.9s
    iteration 28/50: own -1.305 (true -1.338), cross 0.186 (true 0.205), 1.9s
    iteration 29/50: own -1.329 (true -1.324), cross 0.214 (true 0.207), 1.9s
    iteration 30/50: own -1.346 (true -1.311), cross 0.156 (true 0.203), 1.9s
    iteration 31/50: own -1.343 (true -1.321), cross 0.197 (true 0.202), 1.9s
    iteration 32/50: own -1.336 (true -1.326), cross 0.170 (true 0.195), 1.9s
    iteration 33/50: own -1.346 (true -1.307), cross 0.196 (true 0.201), 1.9s
    iteration 34/50: own -1.301 (true -1.326), cross 0.231 (true 0.205), 1.9s
    iteration 35/50: own -1.360 (true -1.339), cross 0.204 (true 0.203), 1.9s
    iteration 36/50: own -1.379 (true -1.360), cross 0.215 (true 0.214), 1.9s
    iteration 37/50: own -1.404 (true -1.360), cross 0.234 (true 0.211), 1.9s
    iteration 38/50: own -1.401 (true -1.316), cross 0.221 (true 0.203), 1.9s
    iteration 39/50: own -1.387 (true -1.332), cross 0.197 (true 0.201), 1.9s
    iteration 40/50: own -1.306 (true -1.339), cross 0.166 (true 0.196), 1.9s
    iteration 41/50: own -1.396 (true -1.360), cross 0.203 (true 0.206), 1.9s
    iteration 42/50: own -1.372 (true -1.319), cross 0.196 (true 0.207), 1.9s
    iteration 43/50: own -1.429 (true -1.304), cross 0.218 (true 0.199), 1.9s
    iteration 44/50: own -1.332 (true -1.338), cross 0.195 (true 0.207), 1.9s
    iteration 45/50: own -1.354 (true -1.330), cross 0.180 (true 0.200), 1.9s
    iteration 46/50: own -1.351 (true -1.326), cross 0.184 (true 0.203), 1.9s
    iteration 47/50: own -1.357 (true -1.303), cross 0.231 (true 0.198), 1.9s
    iteration 48/50: own -1.322 (true -1.359), cross 0.163 (true 0.205), 1.9s
    iteration 49/50: own -1.368 (true -1.364), cross 0.176 (true 0.210), 1.9s
    iteration 50/50: own -1.354 (true -1.363), cross 0.195 (true 0.209), 1.9s
A|T=320000|J=4|m=7: done in 1.6 min -> ./simulation_results/table_A2_robustness.json
B|T=320000|J=4|m=30: seed=20261030 device=cuda
    iteration 1/50: own -1.292 (true -1.333), cross 0.184 (true 0.208), 1.9s
    iteration 2/50: own -1.260 (true -1.273), cross 0.223 (true 0.194), 1.9s
    iteration 3/50: own -1.333 (true -1.354), cross 0.196 (true 0.213), 1.9s
    iteration 4/50: own -1.310 (true -1.342), cross 0.192 (true 0.196), 1.9s
    iteration 5/50: own -1.365 (true -1.315), cross 0.112 (true 0.199), 1.9s
    iteration 6/50: own -1.273 (true -1.320), cross 0.212 (true 0.201), 1.9s
    iteration 7/50: own -1.291 (true -1.352), cross 0.137 (true 0.208), 1.9s
    iteration 8/50: own -1.282 (true -1.320), cross 0.230 (true 0.206), 1.9s
    iteration 9/50: own -1.277 (true -1.294), cross 0.233 (true 0.198), 1.9s
    iteration 10/50: own -1.259 (true -1.323), cross 0.147 (true 0.206), 1.9s
    iteration 11/50: own -1.296 (true -1.324), cross 0.262 (true 0.204), 1.9s
    iteration 12/50: own -1.294 (true -1.348), cross 0.173 (true 0.208), 1.9s
    iteration 13/50: own -1.341 (true -1.327), cross 0.200 (true 0.209), 1.9s
    iteration 14/50: own -1.282 (true -1.338), cross 0.220 (true 0.202), 1.9s
    iteration 15/50: own -1.306 (true -1.350), cross 0.269 (true 0.210), 1.9s
    iteration 16/50: own -1.395 (true -1.311), cross 0.134 (true 0.205), 1.9s
    iteration 17/50: own -1.334 (true -1.327), cross 0.210 (true 0.198), 1.9s
    iteration 18/50: own -1.352 (true -1.350), cross 0.257 (true 0.205), 1.9s
    iteration 19/50: own -1.325 (true -1.349), cross 0.104 (true 0.201), 1.9s
    iteration 20/50: own -1.264 (true -1.320), cross 0.214 (true 0.197), 1.9s
    iteration 21/50: own -1.324 (true -1.346), cross 0.216 (true 0.206), 1.9s
    iteration 22/50: own -1.318 (true -1.315), cross 0.188 (true 0.200), 1.9s
    iteration 23/50: own -1.314 (true -1.388), cross 0.185 (true 0.207), 1.9s
    iteration 24/50: own -1.424 (true -1.346), cross 0.335 (true 0.208), 1.9s
    iteration 25/50: own -1.356 (true -1.323), cross 0.066 (true 0.198), 1.9s
    iteration 26/50: own -1.247 (true -1.319), cross 0.199 (true 0.196), 1.9s
    iteration 27/50: own -1.402 (true -1.307), cross 0.191 (true 0.199), 1.9s
    iteration 28/50: own -1.329 (true -1.347), cross 0.258 (true 0.212), 1.9s
    iteration 29/50: own -1.227 (true -1.340), cross 0.245 (true 0.204), 1.9s
    iteration 30/50: own -1.280 (true -1.333), cross 0.215 (true 0.205), 1.9s
    iteration 31/50: own -1.314 (true -1.323), cross 0.124 (true 0.199), 1.9s
    iteration 32/50: own -1.264 (true -1.365), cross 0.151 (true 0.202), 1.9s
    iteration 33/50: own -1.386 (true -1.368), cross 0.286 (true 0.210), 1.9s
    iteration 34/50: own -1.294 (true -1.317), cross 0.164 (true 0.198), 1.9s
    iteration 35/50: own -1.297 (true -1.324), cross 0.134 (true 0.203), 1.9s
    iteration 36/50: own -1.334 (true -1.303), cross 0.227 (true 0.198), 1.9s
    iteration 37/50: own -1.336 (true -1.330), cross 0.201 (true 0.204), 1.9s
    iteration 38/50: own -1.384 (true -1.345), cross 0.280 (true 0.206), 1.9s
    iteration 39/50: own -1.454 (true -1.309), cross 0.297 (true 0.201), 1.9s
    iteration 40/50: own -1.374 (true -1.359), cross 0.193 (true 0.207), 1.9s
    iteration 41/50: own -1.303 (true -1.337), cross 0.241 (true 0.205), 1.9s
    iteration 42/50: own -1.454 (true -1.323), cross 0.195 (true 0.197), 1.9s
    iteration 43/50: own -1.373 (true -1.332), cross 0.233 (true 0.197), 1.9s
    iteration 44/50: own -1.237 (true -1.348), cross 0.129 (true 0.210), 1.9s
    iteration 45/50: own -1.285 (true -1.341), cross 0.170 (true 0.206), 1.9s
    iteration 46/50: own -1.324 (true -1.343), cross 0.262 (true 0.213), 1.9s
    iteration 47/50: own -1.370 (true -1.380), cross 0.261 (true 0.211), 1.9s
    iteration 48/50: own -1.306 (true -1.382), cross 0.167 (true 0.218), 1.9s
    iteration 49/50: own -1.329 (true -1.331), cross 0.196 (true 0.199), 1.9s
    iteration 50/50: own -1.350 (true -1.328), cross 0.196 (true 0.202), 1.9s
B|T=320000|J=4|m=30: done in 1.6 min -> ./simulation_results/table_A2_robustness.json
B|T=320000|J=8|m=30: seed=20261031 device=cuda
    iteration 1/50: own -1.403 (true -1.422), cross -0.067 (true 0.132), 2.2s
    iteration 2/50: own -1.217 (true -1.385), cross 0.007 (true 0.125), 2.2s
    iteration 3/50: own -1.518 (true -1.380), cross 0.149 (true 0.127), 2.2s
    iteration 4/50: own -1.626 (true -1.374), cross 0.174 (true 0.127), 2.2s
    iteration 5/50: own -1.365 (true -1.379), cross 0.032 (true 0.124), 2.2s
    iteration 6/50: own -1.372 (true -1.403), cross 0.145 (true 0.131), 2.2s
    iteration 7/50: own -1.328 (true -1.378), cross 0.138 (true 0.125), 2.2s
    iteration 8/50: own -1.336 (true -1.392), cross 0.179 (true 0.127), 2.2s
    iteration 9/50: own -1.375 (true -1.427), cross 0.109 (true 0.131), 2.2s
    iteration 10/50: own -1.401 (true -1.368), cross 0.094 (true 0.124), 2.2s
    iteration 11/50: own -1.276 (true -1.362), cross 0.037 (true 0.127), 2.2s
    iteration 12/50: own -1.574 (true -1.379), cross 0.218 (true 0.126), 2.2s
    iteration 13/50: own -1.472 (true -1.420), cross 0.187 (true 0.132), 2.2s
    iteration 14/50: own -1.492 (true -1.391), cross 0.260 (true 0.129), 2.2s
    iteration 15/50: own -1.360 (true -1.383), cross 0.062 (true 0.126), 2.2s
    iteration 16/50: own -1.354 (true -1.386), cross 0.152 (true 0.128), 2.2s
    iteration 17/50: own -1.276 (true -1.392), cross 0.051 (true 0.127), 2.2s
    iteration 18/50: own -1.536 (true -1.348), cross 0.218 (true 0.123), 2.1s
    iteration 19/50: own -1.425 (true -1.413), cross 0.115 (true 0.129), 2.1s
    iteration 20/50: own -1.445 (true -1.414), cross 0.224 (true 0.130), 2.2s
    iteration 21/50: own -1.289 (true -1.431), cross 0.234 (true 0.131), 2.2s
    iteration 22/50: own -1.518 (true -1.424), cross 0.297 (true 0.132), 2.2s
    iteration 23/50: own -1.461 (true -1.425), cross 0.263 (true 0.130), 2.2s
    iteration 24/50: own -1.489 (true -1.365), cross 0.208 (true 0.121), 2.2s
    iteration 25/50: own -1.419 (true -1.406), cross 0.293 (true 0.130), 2.2s
    iteration 26/50: own -1.540 (true -1.372), cross 0.170 (true 0.129), 2.2s
    iteration 27/50: own -1.288 (true -1.425), cross 0.141 (true 0.132), 2.2s
    iteration 28/50: own -1.409 (true -1.327), cross 0.132 (true 0.123), 2.2s
    iteration 29/50: own -1.597 (true -1.397), cross -0.037 (true 0.128), 2.2s
    iteration 30/50: own -1.430 (true -1.387), cross 0.021 (true 0.131), 2.2s
    iteration 31/50: own -1.414 (true -1.370), cross 0.174 (true 0.124), 2.2s
    iteration 32/50: own -1.439 (true -1.397), cross 0.117 (true 0.130), 2.2s
    iteration 33/50: own -1.216 (true -1.421), cross 0.133 (true 0.130), 2.2s
    iteration 34/50: own -1.364 (true -1.363), cross 0.205 (true 0.124), 2.2s
    iteration 35/50: own -1.409 (true -1.401), cross 0.106 (true 0.130), 2.2s
    iteration 36/50: own -1.567 (true -1.423), cross 0.207 (true 0.130), 2.2s
    iteration 37/50: own -1.283 (true -1.419), cross 0.104 (true 0.129), 2.2s
    iteration 38/50: own -1.376 (true -1.421), cross 0.214 (true 0.128), 2.2s
    iteration 39/50: own -1.471 (true -1.379), cross 0.275 (true 0.125), 2.2s
    iteration 40/50: own -1.342 (true -1.416), cross 0.163 (true 0.131), 2.2s
    iteration 41/50: own -1.489 (true -1.389), cross 0.094 (true 0.129), 2.2s
    iteration 42/50: own -1.423 (true -1.423), cross 0.078 (true 0.132), 2.2s
    iteration 43/50: own -1.311 (true -1.370), cross 0.162 (true 0.127), 2.2s
    iteration 44/50: own -1.252 (true -1.397), cross 0.046 (true 0.131), 2.2s
    iteration 45/50: own -1.518 (true -1.374), cross 0.101 (true 0.124), 2.2s
    iteration 46/50: own -1.591 (true -1.439), cross 0.145 (true 0.132), 2.2s
    iteration 47/50: own -1.472 (true -1.405), cross 0.077 (true 0.129), 2.2s
    iteration 48/50: own -1.403 (true -1.419), cross 0.179 (true 0.131), 2.2s
    iteration 49/50: own -1.501 (true -1.435), cross 0.102 (true 0.133), 2.2s
    iteration 50/50: own -1.398 (true -1.403), cross 0.076 (true 0.129), 2.2s
B|T=320000|J=8|m=30: done in 1.8 min -> ./simulation_results/table_A2_robustness.json
B|T=320000|J=12|m=30: seed=20261032 device=cuda
    iteration 1/50: own -1.505 (true -1.387), cross 0.142 (true 0.091), 2.4s
    iteration 2/50: own -1.614 (true -1.411), cross 0.172 (true 0.094), 2.4s
    iteration 3/50: own -1.678 (true -1.432), cross 0.117 (true 0.094), 2.4s
    iteration 4/50: own -1.524 (true -1.438), cross 0.212 (true 0.096), 2.4s
    iteration 5/50: own -1.488 (true -1.431), cross 0.087 (true 0.094), 2.4s
    iteration 6/50: own -1.541 (true -1.420), cross 0.258 (true 0.093), 2.4s
    iteration 7/50: own -1.485 (true -1.447), cross 0.164 (true 0.095), 2.4s
    iteration 8/50: own -1.422 (true -1.476), cross 0.079 (true 0.099), 2.4s
    iteration 9/50: own -1.633 (true -1.399), cross 0.102 (true 0.091), 2.4s
    iteration 10/50: own -1.689 (true -1.466), cross 0.170 (true 0.097), 2.4s
    iteration 11/50: own -1.674 (true -1.424), cross 0.076 (true 0.095), 2.4s
    iteration 12/50: own -1.614 (true -1.412), cross 0.052 (true 0.093), 2.4s
    iteration 13/50: own -1.648 (true -1.447), cross 0.021 (true 0.098), 2.4s
    iteration 14/50: own -1.656 (true -1.426), cross -0.024 (true 0.094), 2.4s
    iteration 15/50: own -1.759 (true -1.422), cross 0.058 (true 0.093), 2.4s
    iteration 16/50: own -1.810 (true -1.430), cross 0.103 (true 0.095), 2.4s
    iteration 17/50: own -1.576 (true -1.351), cross 0.048 (true 0.091), 2.4s
    iteration 18/50: own -1.413 (true -1.407), cross 0.122 (true 0.094), 2.4s
    iteration 19/50: own -1.759 (true -1.453), cross 0.241 (true 0.097), 2.4s
    iteration 20/50: own -1.816 (true -1.377), cross 0.223 (true 0.091), 2.4s
    iteration 21/50: own -1.538 (true -1.394), cross 0.105 (true 0.092), 2.4s
    iteration 22/50: own -1.337 (true -1.427), cross 0.248 (true 0.094), 2.4s
    iteration 23/50: own -1.529 (true -1.379), cross 0.134 (true 0.091), 2.4s
    iteration 24/50: own -1.673 (true -1.419), cross 0.121 (true 0.094), 2.4s
    iteration 25/50: own -1.691 (true -1.440), cross 0.120 (true 0.096), 2.4s
    iteration 26/50: own -1.533 (true -1.435), cross 0.052 (true 0.095), 2.4s
    iteration 27/50: own -1.630 (true -1.433), cross 0.349 (true 0.095), 2.4s
    iteration 28/50: own -1.413 (true -1.401), cross -0.063 (true 0.091), 2.4s
    iteration 29/50: own -1.426 (true -1.362), cross 0.233 (true 0.090), 2.4s
    iteration 30/50: own -1.802 (true -1.476), cross -0.080 (true 0.098), 2.4s
    iteration 31/50: own -1.690 (true -1.441), cross 0.114 (true 0.096), 2.4s
    iteration 32/50: own -1.404 (true -1.468), cross 0.073 (true 0.101), 2.4s
    iteration 33/50: own -1.589 (true -1.405), cross 0.075 (true 0.094), 2.4s
    iteration 34/50: own -1.805 (true -1.403), cross 0.109 (true 0.093), 2.4s
    iteration 35/50: own -1.584 (true -1.409), cross -0.098 (true 0.094), 2.4s
    iteration 36/50: own -1.481 (true -1.424), cross 0.117 (true 0.095), 2.4s
    iteration 37/50: own -1.626 (true -1.453), cross -0.158 (true 0.097), 2.4s
    iteration 38/50: own -1.628 (true -1.411), cross -0.034 (true 0.091), 2.4s
    iteration 39/50: own -1.659 (true -1.432), cross 0.086 (true 0.095), 2.4s
    iteration 40/50: own -1.515 (true -1.412), cross 0.190 (true 0.094), 2.4s
    iteration 41/50: own -1.688 (true -1.439), cross 0.067 (true 0.095), 2.4s
    iteration 42/50: own -1.595 (true -1.420), cross 0.106 (true 0.096), 2.4s
    iteration 43/50: own -1.579 (true -1.437), cross 0.146 (true 0.094), 2.4s
    iteration 44/50: own -1.295 (true -1.425), cross -0.007 (true 0.095), 2.4s
    iteration 45/50: own -1.592 (true -1.433), cross 0.064 (true 0.095), 2.4s
    iteration 46/50: own -1.603 (true -1.441), cross 0.171 (true 0.096), 2.4s
    iteration 47/50: own -1.885 (true -1.450), cross 0.061 (true 0.097), 2.4s
    iteration 48/50: own -1.412 (true -1.433), cross 0.069 (true 0.095), 2.4s
    iteration 49/50: own -1.463 (true -1.444), cross 0.046 (true 0.097), 2.4s
    iteration 50/50: own -1.508 (true -1.375), cross 0.294 (true 0.090), 2.4s
B|T=320000|J=12|m=30: done in 2.0 min -> ./simulation_results/table_A2_robustness.json
B|T=320000|J=16|m=30: seed=20261033 device=cuda
    iteration 1/50: own -1.543 (true -1.482), cross -0.103 (true 0.077), 3.3s
    iteration 2/50: own -1.858 (true -1.452), cross -0.061 (true 0.075), 3.3s
    iteration 3/50: own -2.064 (true -1.428), cross -0.060 (true 0.074), 3.3s
    iteration 4/50: own -1.665 (true -1.397), cross 0.070 (true 0.073), 3.3s
    iteration 5/50: own -1.777 (true -1.437), cross -0.039 (true 0.074), 3.3s
    iteration 6/50: own -2.196 (true -1.450), cross 0.105 (true 0.075), 3.3s
    iteration 7/50: own -1.654 (true -1.491), cross 0.157 (true 0.078), 3.3s
    iteration 8/50: own -1.930 (true -1.435), cross -0.049 (true 0.075), 3.3s
    iteration 9/50: own -1.739 (true -1.474), cross 0.273 (true 0.077), 3.3s
    iteration 10/50: own -1.740 (true -1.451), cross 0.207 (true 0.076), 3.3s
    iteration 11/50: own -1.917 (true -1.399), cross 0.033 (true 0.072), 3.3s
    iteration 12/50: own -1.969 (true -1.441), cross 0.274 (true 0.075), 3.3s
    iteration 13/50: own -2.039 (true -1.470), cross 0.089 (true 0.077), 3.3s
    iteration 14/50: own -1.888 (true -1.462), cross 0.127 (true 0.076), 3.3s
    iteration 15/50: own -1.879 (true -1.478), cross 0.069 (true 0.077), 3.3s
    iteration 16/50: own -2.117 (true -1.430), cross 0.076 (true 0.074), 3.3s
    iteration 17/50: own -1.787 (true -1.449), cross 0.097 (true 0.076), 3.3s
    iteration 18/50: own -1.786 (true -1.470), cross 0.202 (true 0.078), 3.3s
    iteration 19/50: own -1.936 (true -1.427), cross 0.045 (true 0.075), 3.3s
    iteration 20/50: own -1.743 (true -1.456), cross 0.179 (true 0.075), 3.3s
    iteration 21/50: own -1.912 (true -1.453), cross 0.322 (true 0.075), 3.3s
    iteration 22/50: own -1.885 (true -1.443), cross 0.572 (true 0.076), 3.3s
    iteration 23/50: own -1.903 (true -1.420), cross -0.019 (true 0.074), 3.3s
    iteration 24/50: own -1.592 (true -1.474), cross 0.156 (true 0.077), 3.3s
    iteration 25/50: own -1.951 (true -1.430), cross 0.073 (true 0.075), 3.3s
    iteration 26/50: own -1.856 (true -1.463), cross 0.073 (true 0.076), 3.3s
    iteration 27/50: own -1.898 (true -1.465), cross 0.079 (true 0.076), 3.3s
    iteration 28/50: own -1.898 (true -1.448), cross 0.066 (true 0.076), 3.3s
    iteration 29/50: own -1.811 (true -1.449), cross -0.073 (true 0.075), 3.3s
    iteration 30/50: own -1.627 (true -1.449), cross 0.049 (true 0.075), 3.3s
    iteration 31/50: own -1.735 (true -1.388), cross 0.038 (true 0.072), 3.3s
    iteration 32/50: own -1.756 (true -1.417), cross 0.001 (true 0.073), 3.3s
    iteration 33/50: own -2.036 (true -1.455), cross 0.405 (true 0.075), 3.3s
    iteration 34/50: own -1.917 (true -1.468), cross -0.103 (true 0.077), 3.3s
    iteration 35/50: own -1.856 (true -1.421), cross 0.017 (true 0.074), 3.3s
    iteration 36/50: own -2.030 (true -1.431), cross -0.015 (true 0.074), 3.3s
    iteration 37/50: own -1.955 (true -1.448), cross 0.175 (true 0.076), 3.3s
    iteration 38/50: own -1.906 (true -1.445), cross 0.236 (true 0.074), 3.3s
    iteration 39/50: own -1.696 (true -1.407), cross -0.030 (true 0.073), 3.3s
    iteration 40/50: own -1.757 (true -1.431), cross 0.122 (true 0.073), 3.3s
    iteration 41/50: own -2.005 (true -1.425), cross -0.003 (true 0.075), 3.3s
    iteration 42/50: own -1.719 (true -1.453), cross 0.144 (true 0.076), 3.3s
    iteration 43/50: own -2.028 (true -1.432), cross 0.156 (true 0.074), 3.3s
    iteration 44/50: own -1.866 (true -1.381), cross -0.013 (true 0.072), 3.3s
    iteration 45/50: own -1.839 (true -1.474), cross 0.051 (true 0.077), 3.3s
    iteration 46/50: own -1.861 (true -1.450), cross 0.132 (true 0.075), 3.3s
    iteration 47/50: own -1.748 (true -1.444), cross 0.208 (true 0.075), 3.3s
    iteration 48/50: own -1.986 (true -1.413), cross 0.189 (true 0.074), 3.3s
    iteration 49/50: own -2.077 (true -1.462), cross -0.094 (true 0.078), 3.3s
    iteration 50/50: own -1.945 (true -1.454), cross 0.303 (true 0.075), 3.3s
B|T=320000|J=16|m=30: done in 2.7 min -> ./simulation_results/table_A2_robustness.json
C|T=5120000|J=12|m=480: seed=20261130 device=cuda
    iteration 1/50: own -1.447 (true -1.421), cross 0.314 (true 0.095), 39.0s
    iteration 2/50: own -1.486 (true -1.440), cross 0.156 (true 0.096), 38.6s
    iteration 3/50: own -1.512 (true -1.397), cross -0.013 (true 0.092), 39.6s
    iteration 4/50: own -1.399 (true -1.407), cross 0.208 (true 0.094), 38.7s
    iteration 5/50: own -1.538 (true -1.369), cross 0.069 (true 0.091), 38.1s
    iteration 6/50: own -1.620 (true -1.415), cross 0.152 (true 0.094), 37.3s
    iteration 7/50: own -1.196 (true -1.425), cross 0.042 (true 0.093), 37.4s
    iteration 8/50: own -1.404 (true -1.409), cross 0.043 (true 0.094), 37.3s
    iteration 9/50: own -1.394 (true -1.466), cross 0.199 (true 0.098), 37.3s
    iteration 10/50: own -1.506 (true -1.455), cross 0.094 (true 0.096), 37.4s
    iteration 11/50: own -1.474 (true -1.403), cross 0.162 (true 0.093), 37.3s
    iteration 12/50: own -1.488 (true -1.432), cross 0.108 (true 0.096), 37.4s
    iteration 13/50: own -1.508 (true -1.445), cross 0.145 (true 0.095), 37.5s
    iteration 14/50: own -1.520 (true -1.431), cross 0.028 (true 0.096), 37.8s
    iteration 15/50: own -1.319 (true -1.452), cross -0.004 (true 0.096), 37.5s
    iteration 16/50: own -1.308 (true -1.414), cross 0.040 (true 0.094), 37.5s
    iteration 17/50: own -1.358 (true -1.463), cross 0.101 (true 0.097), 37.4s
    iteration 18/50: own -1.618 (true -1.389), cross 0.377 (true 0.094), 37.4s
    iteration 19/50: own -1.438 (true -1.469), cross -0.075 (true 0.099), 37.5s
    iteration 20/50: own -1.323 (true -1.411), cross 0.029 (true 0.093), 37.4s
    iteration 21/50: own -1.328 (true -1.423), cross -0.150 (true 0.095), 37.5s
    iteration 22/50: own -1.414 (true -1.403), cross 0.190 (true 0.093), 37.4s
    iteration 23/50: own -1.304 (true -1.455), cross 0.035 (true 0.097), 37.4s
    iteration 24/50: own -1.359 (true -1.425), cross 0.173 (true 0.094), 37.5s
    iteration 25/50: own -1.476 (true -1.447), cross 0.244 (true 0.096), 37.4s
    iteration 26/50: own -1.544 (true -1.402), cross 0.194 (true 0.092), 37.4s
    iteration 27/50: own -1.452 (true -1.384), cross 0.006 (true 0.094), 37.6s
    iteration 28/50: own -1.681 (true -1.411), cross 0.084 (true 0.095), 37.8s
    iteration 29/50: own -1.447 (true -1.438), cross 0.151 (true 0.098), 37.9s
    iteration 30/50: own -1.424 (true -1.434), cross 0.200 (true 0.096), 37.9s
    iteration 31/50: own -1.251 (true -1.437), cross 0.043 (true 0.094), 37.4s
    iteration 32/50: own -1.530 (true -1.452), cross 0.294 (true 0.097), 37.5s
    iteration 33/50: own -1.311 (true -1.436), cross 0.068 (true 0.096), 37.4s
    iteration 34/50: own -1.345 (true -1.447), cross 0.029 (true 0.097), 37.4s
    iteration 35/50: own -1.373 (true -1.413), cross 0.123 (true 0.093), 37.4s
    iteration 36/50: own -1.400 (true -1.413), cross 0.088 (true 0.095), 37.5s
    iteration 37/50: own -1.211 (true -1.414), cross 0.220 (true 0.093), 37.4s
    iteration 38/50: own -1.419 (true -1.384), cross 0.159 (true 0.093), 37.5s
    iteration 39/50: own -1.317 (true -1.433), cross 0.173 (true 0.096), 37.5s
    iteration 40/50: own -1.374 (true -1.414), cross 0.312 (true 0.094), 37.4s
    iteration 41/50: own -1.372 (true -1.389), cross 0.161 (true 0.092), 37.4s
    iteration 42/50: own -1.482 (true -1.411), cross 0.112 (true 0.094), 37.4s
    iteration 43/50: own -1.489 (true -1.414), cross 0.164 (true 0.095), 37.4s
    iteration 44/50: own -1.535 (true -1.449), cross 0.163 (true 0.095), 37.4s
    iteration 45/50: own -1.356 (true -1.466), cross 0.061 (true 0.098), 37.4s
    iteration 46/50: own -1.428 (true -1.466), cross 0.135 (true 0.099), 37.5s
    iteration 47/50: own -1.522 (true -1.437), cross 0.223 (true 0.096), 37.5s
    iteration 48/50: own -1.435 (true -1.417), cross 0.043 (true 0.093), 37.4s
    iteration 49/50: own -1.405 (true -1.434), cross 0.024 (true 0.094), 37.4s
    iteration 50/50: own -1.527 (true -1.413), cross 0.228 (true 0.093), 37.4s
C|T=5120000|J=12|m=480: done in 31.3 min -> ./simulation_results/table_A2_robustness.json
C|T=5120000|J=16|m=480: seed=20261131 device=cuda
    iteration 1/50: own -1.643 (true -1.446), cross -0.049 (true 0.076), 40.1s
    iteration 2/50: own -1.437 (true -1.418), cross 0.014 (true 0.075), 39.9s
    iteration 3/50: own -1.423 (true -1.424), cross -0.197 (true 0.073), 39.8s
    iteration 4/50: own -1.498 (true -1.417), cross -0.138 (true 0.074), 39.9s
    iteration 5/50: own -1.415 (true -1.438), cross 0.126 (true 0.074), 39.7s
    iteration 6/50: own -1.353 (true -1.441), cross -0.176 (true 0.075), 39.8s
    iteration 7/50: own -1.423 (true -1.494), cross 0.109 (true 0.078), 39.7s
    iteration 8/50: own -1.353 (true -1.455), cross -0.025 (true 0.077), 39.9s
    iteration 9/50: own -1.144 (true -1.464), cross 0.063 (true 0.077), 39.9s
    iteration 10/50: own -1.433 (true -1.367), cross -0.150 (true 0.070), 40.8s
    iteration 11/50: own -1.580 (true -1.439), cross 0.164 (true 0.075), 40.7s
    iteration 12/50: own -1.592 (true -1.454), cross 0.063 (true 0.075), 40.6s
    iteration 13/50: own -1.590 (true -1.436), cross 0.208 (true 0.075), 40.4s
    iteration 14/50: own -1.493 (true -1.412), cross -0.022 (true 0.074), 40.2s
    iteration 15/50: own -1.746 (true -1.423), cross 0.075 (true 0.074), 40.4s
    iteration 16/50: own -1.324 (true -1.441), cross 0.200 (true 0.074), 40.4s
    iteration 17/50: own -1.310 (true -1.470), cross 0.053 (true 0.076), 40.6s
    iteration 18/50: own -1.361 (true -1.451), cross 0.135 (true 0.076), 40.5s
    iteration 19/50: own -1.179 (true -1.477), cross -0.009 (true 0.078), 40.2s
    iteration 20/50: own -1.462 (true -1.442), cross 0.097 (true 0.076), 40.5s
    iteration 21/50: own -1.355 (true -1.456), cross 0.223 (true 0.076), 40.1s
    iteration 22/50: own -1.425 (true -1.435), cross -0.176 (true 0.075), 40.3s
    iteration 23/50: own -1.500 (true -1.392), cross 0.016 (true 0.072), 40.2s
    iteration 24/50: own -1.630 (true -1.459), cross 0.194 (true 0.078), 40.4s
    iteration 25/50: own -1.796 (true -1.455), cross -0.041 (true 0.077), 40.0s
    iteration 26/50: own -1.507 (true -1.437), cross 0.109 (true 0.075), 40.2s
    iteration 27/50: own -1.477 (true -1.451), cross 0.213 (true 0.075), 40.5s
    iteration 28/50: own -1.440 (true -1.384), cross 0.132 (true 0.072), 40.2s
    iteration 29/50: own -1.229 (true -1.475), cross -0.008 (true 0.078), 40.0s
    iteration 30/50: own -1.478 (true -1.393), cross 0.082 (true 0.073), 40.0s
    iteration 31/50: own -1.471 (true -1.451), cross 0.036 (true 0.076), 40.5s
    iteration 32/50: own -1.496 (true -1.432), cross 0.045 (true 0.075), 40.2s
    iteration 33/50: own -1.421 (true -1.438), cross -0.087 (true 0.075), 40.3s
    iteration 34/50: own -1.180 (true -1.399), cross 0.156 (true 0.072), 41.0s
    iteration 35/50: own -1.191 (true -1.421), cross 0.021 (true 0.074), 41.3s
    iteration 36/50: own -1.692 (true -1.433), cross -0.141 (true 0.075), 41.0s
    iteration 37/50: own -1.304 (true -1.454), cross -0.029 (true 0.077), 40.3s
    iteration 38/50: own -1.527 (true -1.477), cross 0.017 (true 0.077), 40.4s
    iteration 39/50: own -1.357 (true -1.447), cross 0.328 (true 0.075), 40.2s
    iteration 40/50: own -1.364 (true -1.452), cross 0.167 (true 0.076), 40.2s
    iteration 41/50: own -1.446 (true -1.410), cross -0.085 (true 0.073), 40.2s
    iteration 42/50: own -1.409 (true -1.426), cross -0.112 (true 0.075), 40.2s
    iteration 43/50: own -1.603 (true -1.423), cross 0.043 (true 0.074), 40.1s
    iteration 44/50: own -1.394 (true -1.453), cross 0.043 (true 0.077), 40.8s
    iteration 45/50: own -1.738 (true -1.458), cross 0.120 (true 0.077), 40.8s
    iteration 46/50: own -1.472 (true -1.476), cross 0.023 (true 0.077), 40.4s
    iteration 47/50: own -1.350 (true -1.394), cross 0.072 (true 0.072), 40.2s
    iteration 48/50: own -1.247 (true -1.433), cross 0.337 (true 0.075), 40.4s
    iteration 49/50: own -1.437 (true -1.491), cross -0.007 (true 0.079), 40.2s
    iteration 50/50: own -1.187 (true -1.428), cross 0.328 (true 0.075), 40.4s
C|T=5120000|J=16|m=480: done in 33.6 min -> ./simulation_results/table_A2_robustness.json
C|T=5120000|J=20|m=480: seed=20261132 device=cuda
    iteration 1/50: own -1.856 (true -1.432), cross 0.118 (true 0.062), 57.3s
    iteration 2/50: own -1.540 (true -1.455), cross -0.392 (true 0.063), 57.6s
    iteration 3/50: own -1.639 (true -1.432), cross -0.001 (true 0.061), 57.0s
    iteration 4/50: own -1.578 (true -1.453), cross 0.053 (true 0.063), 57.0s
    iteration 5/50: own -1.549 (true -1.468), cross 0.072 (true 0.063), 57.2s
    iteration 6/50: own -1.336 (true -1.451), cross -0.140 (true 0.062), 57.1s
    iteration 7/50: own -1.388 (true -1.458), cross -0.009 (true 0.062), 57.1s
    iteration 8/50: own -1.713 (true -1.422), cross 0.300 (true 0.061), 57.1s
    iteration 9/50: own -1.602 (true -1.438), cross 0.096 (true 0.062), 57.2s
    iteration 10/50: own -1.501 (true -1.462), cross 0.286 (true 0.063), 57.2s
    iteration 11/50: own -1.371 (true -1.480), cross 0.087 (true 0.064), 57.7s
    iteration 12/50: own -1.755 (true -1.485), cross 0.188 (true 0.064), 57.0s
    iteration 13/50: own -1.589 (true -1.491), cross -0.310 (true 0.064), 57.0s
    iteration 14/50: own -1.751 (true -1.478), cross 0.140 (true 0.064), 57.0s
    iteration 15/50: own -1.518 (true -1.446), cross 0.297 (true 0.062), 57.0s
    iteration 16/50: own -1.840 (true -1.459), cross -0.067 (true 0.062), 57.1s
    iteration 17/50: own -1.649 (true -1.449), cross 0.033 (true 0.063), 57.0s
    iteration 18/50: own -1.543 (true -1.480), cross -0.094 (true 0.063), 57.2s
    iteration 19/50: own -1.519 (true -1.483), cross -0.053 (true 0.063), 57.1s
    iteration 20/50: own -1.397 (true -1.449), cross 0.072 (true 0.062), 57.1s
    iteration 21/50: own -1.454 (true -1.447), cross 0.167 (true 0.063), 57.0s
    iteration 22/50: own -1.469 (true -1.471), cross 0.136 (true 0.064), 57.0s
    iteration 23/50: own -1.789 (true -1.449), cross 0.267 (true 0.062), 57.0s
    iteration 24/50: own -1.429 (true -1.422), cross -0.073 (true 0.061), 57.2s
    iteration 25/50: own -1.495 (true -1.471), cross -0.006 (true 0.063), 57.2s
    iteration 26/50: own -1.536 (true -1.445), cross 0.144 (true 0.061), 57.1s
    iteration 27/50: own -1.702 (true -1.437), cross 0.236 (true 0.062), 57.1s
    iteration 28/50: own -1.460 (true -1.423), cross 0.033 (true 0.061), 56.9s
    iteration 29/50: own -1.747 (true -1.474), cross 0.244 (true 0.064), 57.1s
    iteration 30/50: own -1.973 (true -1.470), cross -0.030 (true 0.063), 57.1s
    iteration 31/50: own -1.382 (true -1.464), cross 0.030 (true 0.063), 57.1s
    iteration 32/50: own -1.304 (true -1.464), cross 0.081 (true 0.063), 57.1s
    iteration 33/50: own -1.739 (true -1.436), cross 0.113 (true 0.061), 57.2s
    iteration 34/50: own -1.531 (true -1.458), cross -0.028 (true 0.063), 57.1s
    iteration 35/50: own -1.880 (true -1.434), cross -0.032 (true 0.061), 57.6s
    iteration 36/50: own -1.456 (true -1.456), cross -0.054 (true 0.062), 57.1s
    iteration 37/50: own -1.551 (true -1.435), cross -0.047 (true 0.061), 57.1s
    iteration 38/50: own -1.312 (true -1.411), cross -0.025 (true 0.060), 57.1s
    iteration 39/50: own -1.643 (true -1.455), cross -0.043 (true 0.063), 57.2s
    iteration 40/50: own -1.504 (true -1.432), cross -0.001 (true 0.062), 58.1s
    iteration 41/50: own -1.539 (true -1.492), cross -0.022 (true 0.064), 57.2s
    iteration 42/50: own -1.644 (true -1.446), cross 0.250 (true 0.063), 57.0s
    iteration 43/50: own -1.871 (true -1.477), cross 0.300 (true 0.064), 57.1s
    iteration 44/50: own -1.249 (true -1.441), cross 0.099 (true 0.062), 57.1s
    iteration 45/50: own -1.388 (true -1.473), cross 0.196 (true 0.063), 57.1s
    iteration 46/50: own -1.699 (true -1.454), cross 0.069 (true 0.062), 57.0s
    iteration 47/50: own -1.483 (true -1.463), cross 0.101 (true 0.063), 57.1s
    iteration 48/50: own -1.715 (true -1.444), cross 0.142 (true 0.061), 57.1s
    iteration 49/50: own -1.624 (true -1.467), cross 0.049 (true 0.063), 57.1s
    iteration 50/50: own -1.189 (true -1.470), cross 0.175 (true 0.064), 57.0s
C|T=5120000|J=20|m=480: done in 47.6 min -> ./simulation_results/table_A2_robustness.json
C|T=5120000|J=24|m=480: seed=20261133 device=cuda
    iteration 1/50: own -1.471 (true -1.467), cross -0.138 (true 0.053), 47.2s
    iteration 2/50: own -2.053 (true -1.400), cross 0.181 (true 0.051), 47.1s
    iteration 3/50: own -1.696 (true -1.466), cross 0.106 (true 0.054), 47.2s
    iteration 4/50: own -1.597 (true -1.441), cross 0.138 (true 0.053), 47.2s
    iteration 5/50: own -1.660 (true -1.517), cross -0.143 (true 0.056), 47.1s
    iteration 6/50: own -1.453 (true -1.490), cross 0.296 (true 0.054), 48.1s
    iteration 7/50: own -1.366 (true -1.450), cross 0.351 (true 0.053), 48.1s
    iteration 8/50: own -1.617 (true -1.469), cross -0.062 (true 0.054), 47.6s
    iteration 9/50: own -1.452 (true -1.491), cross -0.190 (true 0.055), 47.2s
    iteration 10/50: own -1.624 (true -1.435), cross 0.004 (true 0.052), 47.0s
    iteration 11/50: own -1.808 (true -1.453), cross 0.043 (true 0.053), 47.1s
    iteration 12/50: own -1.683 (true -1.462), cross 0.000 (true 0.053), 47.1s
    iteration 13/50: own -1.888 (true -1.430), cross 0.372 (true 0.053), 47.1s
    iteration 14/50: own -1.900 (true -1.510), cross -0.170 (true 0.055), 47.0s
    iteration 15/50: own -1.901 (true -1.441), cross 0.117 (true 0.053), 47.2s
    iteration 16/50: own -1.456 (true -1.488), cross 0.254 (true 0.054), 47.1s
    iteration 17/50: own -1.466 (true -1.426), cross 0.037 (true 0.052), 47.0s
    iteration 18/50: own -1.471 (true -1.448), cross -0.259 (true 0.052), 47.2s
    iteration 19/50: own -1.420 (true -1.463), cross 0.058 (true 0.053), 47.2s
    iteration 20/50: own -1.400 (true -1.425), cross 0.061 (true 0.052), 47.2s
    iteration 21/50: own -1.459 (true -1.423), cross -0.024 (true 0.052), 47.0s
    iteration 22/50: own -1.589 (true -1.456), cross -0.085 (true 0.053), 47.1s
    iteration 23/50: own -1.609 (true -1.457), cross 0.106 (true 0.053), 47.1s
    iteration 24/50: own -1.858 (true -1.398), cross -0.085 (true 0.051), 47.1s
    iteration 25/50: own -1.524 (true -1.484), cross 0.074 (true 0.054), 47.1s
    iteration 26/50: own -1.890 (true -1.481), cross -0.045 (true 0.054), 47.2s
    iteration 27/50: own -1.766 (true -1.417), cross -0.026 (true 0.052), 47.2s
    iteration 28/50: own -1.696 (true -1.410), cross -0.084 (true 0.051), 47.1s
    iteration 29/50: own -1.715 (true -1.481), cross -0.212 (true 0.054), 47.2s
    iteration 30/50: own -1.617 (true -1.481), cross 0.104 (true 0.054), 47.0s
    iteration 31/50: own -1.362 (true -1.476), cross 0.041 (true 0.053), 47.1s
    iteration 32/50: own -1.875 (true -1.464), cross -0.423 (true 0.053), 47.1s
    iteration 33/50: own -1.748 (true -1.446), cross -0.010 (true 0.054), 47.2s
    iteration 34/50: own -1.980 (true -1.497), cross 0.115 (true 0.055), 46.9s
    iteration 35/50: own -1.578 (true -1.442), cross -0.247 (true 0.052), 47.1s
    iteration 36/50: own -1.604 (true -1.452), cross -0.121 (true 0.053), 47.2s
    iteration 37/50: own -1.462 (true -1.483), cross -0.134 (true 0.055), 47.3s
    iteration 38/50: own -1.472 (true -1.459), cross -0.055 (true 0.053), 47.1s
    iteration 39/50: own -1.445 (true -1.474), cross 0.075 (true 0.054), 47.3s
    iteration 40/50: own -1.892 (true -1.448), cross -0.055 (true 0.053), 47.2s
    iteration 41/50: own -1.974 (true -1.487), cross 0.046 (true 0.055), 47.2s
    iteration 42/50: own -1.648 (true -1.468), cross -0.030 (true 0.053), 47.1s
    iteration 43/50: own -1.987 (true -1.491), cross -0.013 (true 0.055), 48.1s
    iteration 44/50: own -1.679 (true -1.459), cross -0.022 (true 0.053), 47.1s
    iteration 45/50: own -1.650 (true -1.463), cross -0.205 (true 0.054), 48.1s
    iteration 46/50: own -1.409 (true -1.480), cross -0.188 (true 0.055), 48.1s
    iteration 47/50: own -1.734 (true -1.458), cross 0.287 (true 0.053), 47.7s
    iteration 48/50: own -1.893 (true -1.438), cross -0.011 (true 0.052), 47.1s
    iteration 49/50: own -1.538 (true -1.481), cross 0.230 (true 0.055), 47.1s
    iteration 50/50: own -1.813 (true -1.456), cross 0.334 (true 0.053), 47.0s
C|T=5120000|J=24|m=480: done in 39.4 min -> ./simulation_results/table_A2_robustness.json
